nohup: ignoring input
p4_video_chain.sh sha256: 175e2777a374366701e92257402a489a2752ce4ec21a56ee0d140c9c478a8ea3
boot_id ff48c148-1c4f-4ab7-9e5d-19360b37e7ae  stage run  head 1fcb6ce4e04a  manifest f5a2255cc5c9ad87
image rr:patched sha256:073b43d8b5f9a3f26fd0c31b81d8c5f088b8a8dd1480dc9676b2141cb6b4ec90
image rr:patched-video sha256:b7f51acc95330163c9fa988687d415d399a38ebdc7fee0d84d24ff39b65098de
image li:video sha256:0a52afcbe9d4c560c0ad8067ba605e447cc6df97fdf6b8c58f8b4ea260dd7c95
gate controls: gate_controls.json all_pass
first leg starts 09:43:28Z; deadline 14:43:28Z (epoch 1790347408)
containers present: 0
===== LEG p4a_rr16_1 (rr K=16 n=16 T=4 OMP_WAIT_POLICY=unset) 09:43:28Z =====
P1 stamps installed in rr:/opt/rocketride/engine/nodes/detect/IInstance.py (base md5 984d80e45e885b5ae21e987664850b4c; stamped md5 ceac2d61fda3d025b4d0adc82717dfec)
{
 "network_mode": "host",
 "ready": true,
 "arm": "rr",
 "port": 5565,
 "wall_s": 5.0,
 "attempts": 2
}
P1 stamps collected: 3526 records
P1 read-back collected
[driver] lifetime_state leg_end: docker_root free 589.5 GiB | frag avg-extent 33136.2 KiB, >=4MiB share 0.9924 | rr: spool du 2564 KiB/5 files, layer 2.95MB (virtual 9.67GB), cg anon 4.88 GiB, procs 2 rss 5.39 GiB
[driver] export: /home/ssm-user/parity-bench-p4/working/results/parity_p4_20260925T092942Z/p4a_rr16_1/export_rocketride_video_parity_blast.json
[driver] AT A GLANCE: rocketride_video parity[tokens=1,threads=unset(engine-default-64)] blast pass 1 records 16 (errors 0) / offered 16 | THROUGHPUT 2.721 frames/s (40.82x realtime), steady window undefined | SERVICE CPU 3.66 cores = 11.4% of 32 | IDLE BURDEN 1.235 cores with 1 rr_tokens live = 3.9% of the box before any work (beside, never subtracted) | thread env expected 4 / in-process torch 4 | gates PASS 6 · NOT RUN 3 · FAIL 0 | efficiency valid=True | COLLECTOR ok
uploaded s3://rocketride-benchmark-data/ansh/parity-p4/parity_p4_20260925T092942Z/p4a_rr16_1/
{"gate": "G_d0_p4a_rr16_1", "decided_utc": "2026-09-25T10:05:14Z", "leg": "p4a_rr16_1", "arm": "rr", "rule": "no MANDATE_VIOLATION.json AND the export's p0 block (the driver's post-leg record) holds d0_pre and d0_post read-backs and a mandate with mandate_violation false (absence fails)", "mandate_violation_file": false, "export": "export_rocketride_video_parity_blast.json", "d0_pre_present": true, "d0_post_present": true, "mandate": "\u2026", "task_pids": "\u2026", "evidence_present": true, "outcome": "CLEAN"}
{"gate": "G_cell_p4a_rr16_1", "decided_utc": "2026-09-25T10:05:14Z", "leg": "p4a_rr16_1", "declared": "\u2026", "read_back": "\u2026", "checks": "\u2026", "rule": "preregistration.json P4_A_video_concurrency.gates.G_cell", "outcome": "PASS"}
{"gate": "G_memstat_p4a_rr16_1", "decided_utc": "2026-09-25T10:05:16Z", "leg": "p4a_rr16_1", "file": "memstat.jsonl", "exists": true, "rows": 1286, "rule": "the first leg's memstat.jsonl has >= 1 row (register 55)", "outcome": "PASS"}
containers present: 0
===== LEG p4a_li16_1 (li K=16 n=16 T=4 OMP_WAIT_POLICY=unset) 10:05:19Z =====
P1 stamps installed in li_bal_0:/app/li_video/pipeline.py (base md5 2eff189a5bdba7e353194f1b9ef8d1e7; stamped md5 95cc7927c49e666923626adbd5a36f99)
{
 "network_mode": "host",
 "ready": true,
 "arm": "li",
 "port": 8802,
 "wall_s": 15.0,
 "attempts": 4,
 "warm_workers": 1,
 "pid": 1
}
P1 stamps collected: 5819 records
P1 read-back collected
[driver] lifetime_state leg_end: docker_root free 589.5 GiB | frag avg-extent 33205.4 KiB, >=4MiB share 0.9924 | li_bal_0: spool du 2936 KiB/5 files, layer 3.04MB (virtual 9.09GB), cg anon 1.32 GiB, procs 1 rss 1.76 GiB
[driver] export: /home/ssm-user/parity-bench-p4/working/results/parity_p4_20260925T092942Z/p4a_li16_1/export_llamaindex_video_workers_blast.json
[driver] AT A GLANCE: llamaindex_video workers[declared_workers=1] blast pass 1 records 16 (errors 0) / offered 16 | THROUGHPUT 3.462 frames/s (51.93x realtime), steady window undefined | SERVICE CPU 2.97 cores = 9.3% of 32 | IDLE BURDEN 0.004 cores with 1 li_workers live = 0.0% of the box before any work (beside, never subtracted) | thread env expected None / in-process torch 4 | gates PASS 5 · NOT RUN 3 · FAIL 0 | efficiency valid=True | COLLECTOR ok
uploaded s3://rocketride-benchmark-data/ansh/parity-p4/parity_p4_20260925T092942Z/p4a_li16_1/
{"gate": "G_d0_p4a_li16_1", "decided_utc": "2026-09-25T10:34:38Z", "leg": "p4a_li16_1", "arm": "li", "rule": "the export's lifetime_state shows exactly ONE container at leg start and leg end, ONE process each time, whose command line carries '--workers 1' (absence fails)", "export": "export_llamaindex_video_workers_blast.json", "containers": "\u2026", "checks": "\u2026", "service_peak_process_count": 10, "evidence_present": true, "outcome": "CLEAN"}
{"gate": "G_cell_p4a_li16_1", "decided_utc": "2026-09-25T10:34:38Z", "leg": "p4a_li16_1", "declared": "\u2026", "read_back": "\u2026", "checks": "\u2026", "rule": "preregistration.json P4_A_video_concurrency.gates.G_cell", "outcome": "PASS"}
containers present: 0
===== LEG p4a_rr1_1 (rr K=1 n=16 T=4 OMP_WAIT_POLICY=unset) 10:34:42Z =====
P1 stamps installed in rr:/opt/rocketride/engine/nodes/detect/IInstance.py (base md5 984d80e45e885b5ae21e987664850b4c; stamped md5 ceac2d61fda3d025b4d0adc82717dfec)
{
 "network_mode": "host",
 "ready": true,
 "arm": "rr",
 "port": 5565,
 "wall_s": 5.0,
 "attempts": 2
}
P1 stamps collected: 3526 records
P1 read-back collected
[driver] lifetime_state leg_end: docker_root free 589.5 GiB | frag avg-extent 33116.2 KiB, >=4MiB share 0.9924 | rr: spool du 2588 KiB/5 files, layer 2.97MB (virtual 9.67GB), cg anon 1.77 GiB, procs 2 rss 2.28 GiB
[driver] export: /home/ssm-user/parity-bench-p4/working/results/parity_p4_20260925T092942Z/p4a_rr1_1/export_rocketride_video_parity_blast.json
[driver] AT A GLANCE: rocketride_video parity[tokens=1,threads=unset(engine-default-64)] blast pass 1 records 16 (errors 0) / offered 16 | THROUGHPUT 4.483 frames/s (67.23x realtime), steady window undefined | SERVICE CPU 5.191 cores = 16.2% of 32 | IDLE BURDEN 1.235 cores with 1 rr_tokens live = 3.9% of the box before any work (beside, never subtracted) | thread env expected 4 / in-process torch 4 | gates PASS 6 · NOT RUN 3 · FAIL 0 | efficiency valid=True | COLLECTOR ok
uploaded s3://rocketride-benchmark-data/ansh/parity-p4/parity_p4_20260925T092942Z/p4a_rr1_1/
{"gate": "G_d0_p4a_rr1_1", "decided_utc": "2026-09-25T10:48:43Z", "leg": "p4a_rr1_1", "arm": "rr", "rule": "no MANDATE_VIOLATION.json AND the export's p0 block (the driver's post-leg record) holds d0_pre and d0_post read-backs and a mandate with mandate_violation false (absence fails)", "mandate_violation_file": false, "export": "export_rocketride_video_parity_blast.json", "d0_pre_present": true, "d0_post_present": true, "mandate": "\u2026", "task_pids": "\u2026", "evidence_present": true, "outcome": "CLEAN"}
{"gate": "G_cell_p4a_rr1_1", "decided_utc": "2026-09-25T10:48:43Z", "leg": "p4a_rr1_1", "declared": "\u2026", "read_back": "\u2026", "checks": "\u2026", "rule": "preregistration.json P4_A_video_concurrency.gates.G_cell", "outcome": "PASS"}
containers present: 0
===== LEG p4a_li1_1 (li K=1 n=16 T=4 OMP_WAIT_POLICY=unset) 10:48:48Z =====
P1 stamps installed in li_bal_0:/app/li_video/pipeline.py (base md5 2eff189a5bdba7e353194f1b9ef8d1e7; stamped md5 95cc7927c49e666923626adbd5a36f99)
{
 "network_mode": "host",
 "ready": true,
 "arm": "li",
 "port": 8802,
 "wall_s": 10.0,
 "attempts": 3,
 "warm_workers": 1,
 "pid": 1
}
P1 stamps collected: 3544 records
P1 read-back collected
[driver] lifetime_state leg_end: docker_root free 589.5 GiB | frag avg-extent 33061.2 KiB, >=4MiB share 0.9924 | li_bal_0: spool du 1804 KiB/5 files, layer 1.88MB (virtual 9.09GB), cg anon 0.93 GiB, procs 1 rss 1.38 GiB
[driver] export: /home/ssm-user/parity-bench-p4/working/results/parity_p4_20260925T092942Z/p4a_li1_1/export_llamaindex_video_workers_blast.json
[driver] AT A GLANCE: llamaindex_video workers[declared_workers=1] blast pass 1 records 16 (errors 0) / offered 16 | THROUGHPUT 3.206 frames/s (48.09x realtime), steady window undefined | SERVICE CPU 2.703 cores = 8.5% of 32 | IDLE BURDEN 0.004 cores with 1 li_workers live = 0.0% of the box before any work (beside, never subtracted) | thread env expected None / in-process torch 4 | gates PASS 5 · NOT RUN 3 · FAIL 0 | efficiency valid=True | COLLECTOR ok
uploaded s3://rocketride-benchmark-data/ansh/parity-p4/parity_p4_20260925T092942Z/p4a_li1_1/
{"gate": "G_d0_p4a_li1_1", "decided_utc": "2026-09-25T11:07:31Z", "leg": "p4a_li1_1", "arm": "li", "rule": "the export's lifetime_state shows exactly ONE container at leg start and leg end, ONE process each time, whose command line carries '--workers 1' (absence fails)", "export": "export_llamaindex_video_workers_blast.json", "containers": "\u2026", "checks": "\u2026", "service_peak_process_count": 2, "evidence_present": true, "outcome": "CLEAN"}
{"gate": "G_cell_p4a_li1_1", "decided_utc": "2026-09-25T11:07:31Z", "leg": "p4a_li1_1", "declared": "\u2026", "read_back": "\u2026", "checks": "\u2026", "rule": "preregistration.json P4_A_video_concurrency.gates.G_cell", "outcome": "PASS"}
containers present: 0
===== LEG p4a_act_1 (rr K=16 n=16 T=4 OMP_WAIT_POLICY=ACTIVE) 11:07:38Z =====
P1 stamps installed in rr:/opt/rocketride/engine/nodes/detect/IInstance.py (base md5 984d80e45e885b5ae21e987664850b4c; stamped md5 ceac2d61fda3d025b4d0adc82717dfec)
{
 "network_mode": "host",
 "ready": true,
 "arm": "rr",
 "port": 5565,
 "wall_s": 5.0,
 "attempts": 2
}
P1 stamps collected: 3526 records
P1 read-back collected
[driver] lifetime_state leg_end: docker_root free 589.5 GiB | frag avg-extent 33022.1 KiB, >=4MiB share 0.9924 | rr: spool du 2568 KiB/5 files, layer 2.95MB (virtual 9.67GB), cg anon 4.96 GiB, procs 2 rss 5.46 GiB
[driver] export: /home/ssm-user/parity-bench-p4/working/results/parity_p4_20260925T092942Z/p4a_act_1/export_rocketride_video_parity_blast.json
[driver] AT A GLANCE: rocketride_video parity[tokens=1,threads=unset(engine-default-64)] blast pass 1 records 16 (errors 0) / offered 16 | THROUGHPUT 2.76 frames/s (41.4x realtime), steady window undefined | SERVICE CPU 6.127 cores = 19.1% of 32 | IDLE BURDEN 4.236 cores with 1 rr_tokens live = 13.2% of the box before any work (beside, never subtracted) | thread env expected 4 / in-process torch 4 | gates PASS 6 · NOT RUN 3 · FAIL 0 | efficiency valid=True | COLLECTOR ok
uploaded s3://rocketride-benchmark-data/ansh/parity-p4/parity_p4_20260925T092942Z/p4a_act_1/
{"gate": "G_d0_p4a_act_1", "decided_utc": "2026-09-25T11:29:10Z", "leg": "p4a_act_1", "arm": "rr", "rule": "no MANDATE_VIOLATION.json AND the export's p0 block (the driver's post-leg record) holds d0_pre and d0_post read-backs and a mandate with mandate_violation false (absence fails)", "mandate_violation_file": false, "export": "export_rocketride_video_parity_blast.json", "d0_pre_present": true, "d0_post_present": true, "mandate": "\u2026", "task_pids": "\u2026", "evidence_present": true, "outcome": "CLEAN"}
{"gate": "G_cell_p4a_act_1", "decided_utc": "2026-09-25T11:29:10Z", "leg": "p4a_act_1", "declared": "\u2026", "read_back": "\u2026", "checks": "\u2026", "rule": "preregistration.json P4_A_video_concurrency.gates.G_cell", "outcome": "PASS"}
containers present: 0
===== LEG p4a_rr16_2 (rr K=16 n=16 T=4 OMP_WAIT_POLICY=unset) 11:29:19Z =====
P1 stamps installed in rr:/opt/rocketride/engine/nodes/detect/IInstance.py (base md5 984d80e45e885b5ae21e987664850b4c; stamped md5 ceac2d61fda3d025b4d0adc82717dfec)
{
 "network_mode": "host",
 "ready": true,
 "arm": "rr",
 "port": 5565,
 "wall_s": 5.0,
 "attempts": 2
}
P1 stamps collected: 3526 records
P1 read-back collected
[driver] lifetime_state leg_end: docker_root free 589.5 GiB | frag avg-extent 32963.8 KiB, >=4MiB share 0.9924 | rr: spool du 2568 KiB/5 files, layer 2.95MB (virtual 9.67GB), cg anon 4.79 GiB, procs 2 rss 5.29 GiB
[driver] export: /home/ssm-user/parity-bench-p4/working/results/parity_p4_20260925T092942Z/p4a_rr16_2/export_rocketride_video_parity_blast.json
[driver] AT A GLANCE: rocketride_video parity[tokens=1,threads=unset(engine-default-64)] blast pass 1 records 16 (errors 0) / offered 16 | THROUGHPUT 2.621 frames/s (39.31x realtime), steady window undefined | SERVICE CPU 3.663 cores = 11.5% of 32 | IDLE BURDEN 1.237 cores with 1 rr_tokens live = 3.9% of the box before any work (beside, never subtracted) | thread env expected 4 / in-process torch 4 | gates PASS 6 · NOT RUN 3 · FAIL 0 | efficiency valid=True | COLLECTOR ok
uploaded s3://rocketride-benchmark-data/ansh/parity-p4/parity_p4_20260925T092942Z/p4a_rr16_2/
{"gate": "G_d0_p4a_rr16_2", "decided_utc": "2026-09-25T11:52:06Z", "leg": "p4a_rr16_2", "arm": "rr", "rule": "no MANDATE_VIOLATION.json AND the export's p0 block (the driver's post-leg record) holds d0_pre and d0_post read-backs and a mandate with mandate_violation false (absence fails)", "mandate_violation_file": false, "export": "export_rocketride_video_parity_blast.json", "d0_pre_present": true, "d0_post_present": true, "mandate": "\u2026", "task_pids": "\u2026", "evidence_present": true, "outcome": "CLEAN"}
{"gate": "G_cell_p4a_rr16_2", "decided_utc": "2026-09-25T11:52:06Z", "leg": "p4a_rr16_2", "declared": "\u2026", "read_back": "\u2026", "checks": "\u2026", "rule": "preregistration.json P4_A_video_concurrency.gates.G_cell", "outcome": "PASS"}
containers present: 0
===== LEG p4a_li16_2 (li K=16 n=16 T=4 OMP_WAIT_POLICY=unset) 11:52:15Z =====
P1 stamps installed in li_bal_0:/app/li_video/pipeline.py (base md5 2eff189a5bdba7e353194f1b9ef8d1e7; stamped md5 95cc7927c49e666923626adbd5a36f99)
{
 "network_mode": "host",
 "ready": true,
 "arm": "li",
 "port": 8802,
 "wall_s": 10.0,
 "attempts": 3,
 "warm_workers": 1,
 "pid": 1
}
P1 stamps collected: 5819 records
P1 read-back collected
[driver] lifetime_state leg_end: docker_root free 589.5 GiB | frag avg-extent 33058.7 KiB, >=4MiB share 0.9923 | li_bal_0: spool du 2932 KiB/5 files, layer 3.04MB (virtual 9.09GB), cg anon 1.25 GiB, procs 1 rss 1.70 GiB
[driver] export: /home/ssm-user/parity-bench-p4/working/results/parity_p4_20260925T092942Z/p4a_li16_2/export_llamaindex_video_workers_blast.json
[driver] AT A GLANCE: llamaindex_video workers[declared_workers=1] blast pass 1 records 16 (errors 0) / offered 16 | THROUGHPUT 3.136 frames/s (47.04x realtime), steady window undefined | SERVICE CPU 3.076 cores = 9.6% of 32 | IDLE BURDEN 0.004 cores with 1 li_workers live = 0.0% of the box before any work (beside, never subtracted) | thread env expected None / in-process torch 4 | gates PASS 5 · NOT RUN 3 · FAIL 0 | efficiency valid=True | COLLECTOR ok
uploaded s3://rocketride-benchmark-data/ansh/parity-p4/parity_p4_20260925T092942Z/p4a_li16_2/
{"gate": "G_d0_p4a_li16_2", "decided_utc": "2026-09-25T12:24:24Z", "leg": "p4a_li16_2", "arm": "li", "rule": "the export's lifetime_state shows exactly ONE container at leg start and leg end, ONE process each time, whose command line carries '--workers 1' (absence fails)", "export": "export_llamaindex_video_workers_blast.json", "containers": "\u2026", "checks": "\u2026", "service_peak_process_count": 10, "evidence_present": true, "outcome": "CLEAN"}
{"gate": "G_cell_p4a_li16_2", "decided_utc": "2026-09-25T12:24:24Z", "leg": "p4a_li16_2", "declared": "\u2026", "read_back": "\u2026", "checks": "\u2026", "rule": "preregistration.json P4_A_video_concurrency.gates.G_cell", "outcome": "PASS"}
containers present: 0
===== LEG p4a_rr1_2 (rr K=1 n=16 T=4 OMP_WAIT_POLICY=unset) 12:24:34Z =====
P1 stamps installed in rr:/opt/rocketride/engine/nodes/detect/IInstance.py (base md5 984d80e45e885b5ae21e987664850b4c; stamped md5 ceac2d61fda3d025b4d0adc82717dfec)
{
 "network_mode": "host",
 "ready": true,
 "arm": "rr",
 "port": 5565,
 "wall_s": 5.0,
 "attempts": 2
}
P1 stamps collected: 3526 records
P1 read-back collected
[driver] lifetime_state leg_end: docker_root free 589.5 GiB | frag avg-extent 32958.1 KiB, >=4MiB share 0.9923 | rr: spool du 2600 KiB/5 files, layer 2.99MB (virtual 9.67GB), cg anon 1.63 GiB, procs 2 rss 2.14 GiB
[driver] export: /home/ssm-user/parity-bench-p4/working/results/parity_p4_20260925T092942Z/p4a_rr1_2/export_rocketride_video_parity_blast.json
[driver] AT A GLANCE: rocketride_video parity[tokens=1,threads=unset(engine-default-64)] blast pass 1 records 16 (errors 0) / offered 16 | THROUGHPUT 4.198 frames/s (62.97x realtime), steady window undefined | SERVICE CPU 5.191 cores = 16.2% of 32 | IDLE BURDEN 1.236 cores with 1 rr_tokens live = 3.9% of the box before any work (beside, never subtracted) | thread env expected 4 / in-process torch 4 | gates PASS 6 · NOT RUN 3 · FAIL 0 | efficiency valid=True | COLLECTOR ok
uploaded s3://rocketride-benchmark-data/ansh/parity-p4/parity_p4_20260925T092942Z/p4a_rr1_2/
{"gate": "G_d0_p4a_rr1_2", "decided_utc": "2026-09-25T12:39:24Z", "leg": "p4a_rr1_2", "arm": "rr", "rule": "no MANDATE_VIOLATION.json AND the export's p0 block (the driver's post-leg record) holds d0_pre and d0_post read-backs and a mandate with mandate_violation false (absence fails)", "mandate_violation_file": false, "export": "export_rocketride_video_parity_blast.json", "d0_pre_present": true, "d0_post_present": true, "mandate": "\u2026", "task_pids": "\u2026", "evidence_present": true, "outcome": "CLEAN"}
{"gate": "G_cell_p4a_rr1_2", "decided_utc": "2026-09-25T12:39:24Z", "leg": "p4a_rr1_2", "declared": "\u2026", "read_back": "\u2026", "checks": "\u2026", "rule": "preregistration.json P4_A_video_concurrency.gates.G_cell", "outcome": "PASS"}
containers present: 0
===== LEG p4a_li1_2 (li K=1 n=16 T=4 OMP_WAIT_POLICY=unset) 12:39:38Z =====
P1 stamps installed in li_bal_0:/app/li_video/pipeline.py (base md5 2eff189a5bdba7e353194f1b9ef8d1e7; stamped md5 95cc7927c49e666923626adbd5a36f99)
{
 "network_mode": "host",
 "ready": true,
 "arm": "li",
 "port": 8802,
 "wall_s": 10.0,
 "attempts": 3,
 "warm_workers": 1,
 "pid": 1
}
P1 stamps collected: 3544 records
P1 read-back collected
[driver] lifetime_state leg_end: docker_root free 589.5 GiB | frag avg-extent 32891.3 KiB, >=4MiB share 0.9923 | li_bal_0: spool du 1816 KiB/5 files, layer 1.89MB (virtual 9.09GB), cg anon 0.90 GiB, procs 1 rss 1.35 GiB
[driver] export: /home/ssm-user/parity-bench-p4/working/results/parity_p4_20260925T092942Z/p4a_li1_2/export_llamaindex_video_workers_blast.json
[driver] AT A GLANCE: llamaindex_video workers[declared_workers=1] blast pass 1 records 16 (errors 0) / offered 16 | THROUGHPUT 2.754 frames/s (41.3x realtime), steady window undefined | SERVICE CPU 2.795 cores = 8.7% of 32 | IDLE BURDEN 0.005 cores with 1 li_workers live = 0.0% of the box before any work (beside, never subtracted) | thread env expected None / in-process torch 4 | gates PASS 5 · NOT RUN 3 · FAIL 0 | efficiency valid=True | COLLECTOR ok
uploaded s3://rocketride-benchmark-data/ansh/parity-p4/parity_p4_20260925T092942Z/p4a_li1_2/
{"gate": "G_d0_p4a_li1_2", "decided_utc": "2026-09-25T13:01:28Z", "leg": "p4a_li1_2", "arm": "li", "rule": "the export's lifetime_state shows exactly ONE container at leg start and leg end, ONE process each time, whose command line carries '--workers 1' (absence fails)", "export": "export_llamaindex_video_workers_blast.json", "containers": "\u2026", "checks": "\u2026", "service_peak_process_count": 2, "evidence_present": true, "outcome": "CLEAN"}
{"gate": "G_cell_p4a_li1_2", "decided_utc": "2026-09-25T13:01:28Z", "leg": "p4a_li1_2", "declared": "\u2026", "read_back": "\u2026", "checks": "\u2026", "rule": "preregistration.json P4_A_video_concurrency.gates.G_cell", "outcome": "PASS"}
containers present: 0
===== LEG p4a_act_2 (rr K=16 n=16 T=4 OMP_WAIT_POLICY=ACTIVE) 13:01:41Z =====
P1 stamps installed in rr:/opt/rocketride/engine/nodes/detect/IInstance.py (base md5 984d80e45e885b5ae21e987664850b4c; stamped md5 ceac2d61fda3d025b4d0adc82717dfec)
{
 "network_mode": "host",
 "ready": true,
 "arm": "rr",
 "port": 5565,
 "wall_s": 5.0,
 "attempts": 2
}
P1 stamps collected: 3526 records
P1 read-back collected
[driver] lifetime_state leg_end: docker_root free 589.4 GiB | frag avg-extent 32854.3 KiB, >=4MiB share 0.9923 | rr: spool du 2580 KiB/5 files, layer 2.97MB (virtual 9.67GB), cg anon 4.74 GiB, procs 2 rss 5.25 GiB
[driver] export: /home/ssm-user/parity-bench-p4/working/results/parity_p4_20260925T092942Z/p4a_act_2/export_rocketride_video_parity_blast.json
[driver] AT A GLANCE: rocketride_video parity[tokens=1,threads=unset(engine-default-64)] blast pass 1 records 16 (errors 0) / offered 16 | THROUGHPUT 2.348 frames/s (35.22x realtime), steady window undefined | SERVICE CPU 5.895 cores = 18.4% of 32 | IDLE BURDEN 4.237 cores with 1 rr_tokens live = 13.2% of the box before any work (beside, never subtracted) | thread env expected 4 / in-process torch 4 | gates PASS 6 · NOT RUN 3 · FAIL 0 | efficiency valid=True | COLLECTOR ok
uploaded s3://rocketride-benchmark-data/ansh/parity-p4/parity_p4_20260925T092942Z/p4a_act_2/
{"gate": "G_d0_p4a_act_2", "decided_utc": "2026-09-25T13:26:38Z", "leg": "p4a_act_2", "arm": "rr", "rule": "no MANDATE_VIOLATION.json AND the export's p0 block (the driver's post-leg record) holds d0_pre and d0_post read-backs and a mandate with mandate_violation false (absence fails)", "mandate_violation_file": false, "export": "export_rocketride_video_parity_blast.json", "d0_pre_present": true, "d0_post_present": true, "mandate": "\u2026", "task_pids": "\u2026", "evidence_present": true, "outcome": "CLEAN"}
{"gate": "G_cell_p4a_act_2", "decided_utc": "2026-09-25T13:26:38Z", "leg": "p4a_act_2", "declared": "\u2026", "read_back": "\u2026", "checks": "\u2026", "rule": "preregistration.json P4_A_video_concurrency.gates.G_cell", "outcome": "PASS"}
{"gate": "G_correct_active", "decided_utc": "2026-09-25T13:26:52Z", "pairs": "\u2026", "missing": "\u2026", "rule": "every pair output-identical (per-video chunk sha256 AND frame scores) with videos_compared == 16", "outcome": "PASS"}
image rr:patched sha256:073b43d8b5f9a3f26fd0c31b81d8c5f088b8a8dd1480dc9676b2141cb6b4ec90
image rr:patched-video sha256:b7f51acc95330163c9fa988687d415d399a38ebdc7fee0d84d24ff39b65098de
image li:video sha256:0a52afcbe9d4c560c0ad8067ba605e447cc6df97fdf6b8c58f8b4ea260dd7c95
CHAIN RESULTS: p4a_rr16_1:rc=0 p4a_li16_1:rc=0 p4a_rr1_1:rc=0 p4a_li1_1:rc=0 p4a_act_1:rc=0 p4a_rr16_2:rc=0 p4a_li16_2:rc=0 p4a_rr1_2:rc=0 p4a_li1_2:rc=0 p4a_act_2:rc=0 G_correct_active:rc=0
CHAIN_DONE p4a run complete
