mirror_films500.sh sha256: d7fd9dbcdea38ceabaf759bd377128d05b92f248ec77a90a15c112c8bcea742c
mirroring /home/ssm-user/parity-bench-video/working/video/results/films500_lifetimes_20260906T090339Z -> s3://rocketride-benchmark-data/ansh/films500-live-films500_lifetimes_20260906T090339Z/ every 300s (corpora never; stop: touch /home/ssm-user/parity-bench-video/working/video/results/films500_lifetimes_20260906T090339Z/MIRROR_STOP)
cycle 1 synced at 2026-09-06T09:03:40Z
cycle 2 synced at 2026-09-06T09:08:41Z
cycle 3 synced at 2026-09-06T09:13:41Z
cycle 4 synced at 2026-09-06T09:18:42Z
cycle 5 synced at 2026-09-06T09:23:43Z
cycle 6 synced at 2026-09-06T09:28:44Z
cycle 7 synced at 2026-09-06T09:33:45Z
cycle 8 synced at 2026-09-06T09:38:45Z
cycle 9 synced at 2026-09-06T09:43:46Z
cycle 10 synced at 2026-09-06T09:48:48Z
cycle 11 synced at 2026-09-06T09:53:50Z
cycle 12 synced at 2026-09-06T09:58:51Z
cycle 13 synced at 2026-09-06T10:03:53Z
cycle 14 synced at 2026-09-06T10:08:55Z
cycle 15 synced at 2026-09-06T10:13:56Z
cycle 16 synced at 2026-09-06T10:18:58Z
cycle 17 synced at 2026-09-06T10:24:00Z
cycle 18 synced at 2026-09-06T10:29:02Z
cycle 19 synced at 2026-09-06T10:34:03Z
cycle 20 synced at 2026-09-06T10:39:05Z
cycle 21 synced at 2026-09-06T10:44:07Z
cycle 22 synced at 2026-09-06T10:49:09Z
cycle 23 synced at 2026-09-06T10:54:11Z
cycle 24 synced at 2026-09-06T10:59:13Z
cycle 25 synced at 2026-09-06T11:04:15Z
cycle 26 synced at 2026-09-06T11:09:17Z
cycle 27 synced at 2026-09-06T11:14:19Z
cycle 28 synced at 2026-09-06T11:19:23Z
cycle 29 synced at 2026-09-06T11:24:25Z
cycle 30 synced at 2026-09-06T11:29:28Z
cycle 31 synced at 2026-09-06T11:34:30Z
cycle 32 synced at 2026-09-06T11:39:32Z
cycle 33 synced at 2026-09-06T11:44:35Z
cycle 34 synced at 2026-09-06T11:49:37Z
cycle 35 synced at 2026-09-06T11:54:40Z
cycle 36 synced at 2026-09-06T11:59:43Z
cycle 37 synced at 2026-09-06T12:04:45Z
cycle 38 synced at 2026-09-06T12:09:48Z
cycle 39 synced at 2026-09-06T12:14:51Z
cycle 40 synced at 2026-09-06T12:19:54Z
cycle 41 synced at 2026-09-06T12:24:57Z
cycle 42 synced at 2026-09-06T12:30:00Z
cycle 43 synced at 2026-09-06T12:35:03Z
cycle 44 synced at 2026-09-06T12:40:06Z
cycle 45 synced at 2026-09-06T12:45:09Z
cycle 46 synced at 2026-09-06T12:50:12Z
cycle 47 synced at 2026-09-06T12:55:15Z
cycle 48 synced at 2026-09-06T13:00:18Z
cycle 49 synced at 2026-09-06T13:05:21Z
cycle 50 synced at 2026-09-06T13:10:25Z
cycle 51 synced at 2026-09-06T13:15:28Z
cycle 52 synced at 2026-09-06T13:20:31Z
cycle 53 synced at 2026-09-06T13:25:35Z
cycle 54 synced at 2026-09-06T13:30:38Z
cycle 55 synced at 2026-09-06T13:35:42Z
cycle 56 synced at 2026-09-06T13:40:44Z
cycle 57 synced at 2026-09-06T13:45:45Z
cycle 58 synced at 2026-09-06T13:50:46Z
cycle 59 synced at 2026-09-06T13:55:47Z
cycle 60 synced at 2026-09-06T14:00:48Z
cycle 61 synced at 2026-09-06T14:05:48Z
cycle 62 synced at 2026-09-06T14:10:49Z
cycle 63 synced at 2026-09-06T14:15:50Z
cycle 64 synced at 2026-09-06T14:20:51Z
cycle 65 synced at 2026-09-06T14:25:52Z
cycle 66 synced at 2026-09-06T14:30:54Z
cycle 67 synced at 2026-09-06T14:35:55Z
cycle 68 synced at 2026-09-06T14:40:57Z
cycle 69 synced at 2026-09-06T14:45:59Z
cycle 70 synced at 2026-09-06T14:51:00Z
cycle 71 synced at 2026-09-06T14:56:02Z
cycle 72 synced at 2026-09-06T15:01:04Z
cycle 73 synced at 2026-09-06T15:06:06Z
cycle 74 synced at 2026-09-06T15:11:08Z
cycle 75 synced at 2026-09-06T15:16:09Z
cycle 76 synced at 2026-09-06T15:21:11Z
cycle 77 synced at 2026-09-06T15:26:13Z
cycle 78 synced at 2026-09-06T15:31:15Z
cycle 79 synced at 2026-09-06T15:36:17Z
cycle 80 synced at 2026-09-06T15:41:19Z
cycle 81 synced at 2026-09-06T15:46:21Z
cycle 82 synced at 2026-09-06T15:51:24Z
cycle 83 synced at 2026-09-06T15:56:26Z
cycle 84 synced at 2026-09-06T16:01:28Z
cycle 85 synced at 2026-09-06T16:06:31Z
cycle 86 synced at 2026-09-06T16:11:33Z
cycle 87 synced at 2026-09-06T16:16:35Z
cycle 88 synced at 2026-09-06T16:21:38Z
cycle 89 synced at 2026-09-06T16:26:40Z
cycle 90 synced at 2026-09-06T16:31:43Z
cycle 91 synced at 2026-09-06T16:36:46Z
cycle 92 synced at 2026-09-06T16:41:48Z
cycle 93 synced at 2026-09-06T16:46:51Z
cycle 94 synced at 2026-09-06T16:51:54Z
cycle 95 synced at 2026-09-06T16:56:57Z
cycle 96 synced at 2026-09-06T17:02:00Z
cycle 97 synced at 2026-09-06T17:07:03Z
cycle 98 synced at 2026-09-06T17:12:06Z
cycle 99 synced at 2026-09-06T17:17:09Z
cycle 100 synced at 2026-09-06T17:22:12Z
cycle 101 synced at 2026-09-06T17:27:14Z
cycle 102 synced at 2026-09-06T17:32:18Z
cycle 103 synced at 2026-09-06T17:37:21Z
cycle 104 synced at 2026-09-06T17:42:24Z
cycle 105 synced at 2026-09-06T17:47:27Z
cycle 106 synced at 2026-09-06T17:52:31Z
cycle 107 synced at 2026-09-06T17:57:34Z
cycle 108 synced at 2026-09-06T18:02:37Z
cycle 109 synced at 2026-09-06T18:07:41Z
cycle 110 synced at 2026-09-06T18:12:44Z
cycle 111 synced at 2026-09-06T18:17:47Z
cycle 112 synced at 2026-09-06T18:22:48Z
cycle 113 synced at 2026-09-06T18:27:50Z
cycle 114 synced at 2026-09-06T18:32:52Z
cycle 115 synced at 2026-09-06T18:37:54Z
cycle 116 synced at 2026-09-06T18:42:55Z
cycle 117 synced at 2026-09-06T18:47:57Z
cycle 118 synced at 2026-09-06T18:52:59Z
cycle 119 synced at 2026-09-06T18:58:00Z
cycle 120 synced at 2026-09-06T19:03:03Z
cycle 121 synced at 2026-09-06T19:08:05Z
cycle 122 synced at 2026-09-06T19:13:07Z
cycle 123 synced at 2026-09-06T19:18:09Z
cycle 124 synced at 2026-09-06T19:23:10Z
cycle 125 synced at 2026-09-06T19:28:12Z
cycle 126 synced at 2026-09-06T19:33:14Z
cycle 127 synced at 2026-09-06T19:38:16Z
cycle 128 synced at 2026-09-06T19:43:18Z
cycle 129 synced at 2026-09-06T19:48:20Z
cycle 130 synced at 2026-09-06T19:53:22Z
cycle 131 synced at 2026-09-06T19:58:24Z
cycle 132 synced at 2026-09-06T20:03:27Z
cycle 133 synced at 2026-09-06T20:08:29Z
cycle 134 synced at 2026-09-06T20:13:31Z
cycle 135 synced at 2026-09-06T20:18:34Z
cycle 136 synced at 2026-09-06T20:23:36Z
cycle 137 synced at 2026-09-06T20:28:39Z
cycle 138 synced at 2026-09-06T20:33:41Z
cycle 139 synced at 2026-09-06T20:38:44Z
cycle 140 synced at 2026-09-06T20:43:47Z
cycle 141 synced at 2026-09-06T20:48:49Z
cycle 142 synced at 2026-09-06T20:53:52Z
cycle 143 synced at 2026-09-06T20:58:55Z
cycle 144 synced at 2026-09-06T21:03:58Z
cycle 145 synced at 2026-09-06T21:09:01Z
cycle 146 synced at 2026-09-06T21:14:04Z
cycle 147 synced at 2026-09-06T21:19:07Z
cycle 148 synced at 2026-09-06T21:24:10Z
cycle 149 synced at 2026-09-06T21:29:14Z
cycle 150 synced at 2026-09-06T21:34:17Z
cycle 151 synced at 2026-09-06T21:39:20Z
cycle 152 synced at 2026-09-06T21:44:23Z
cycle 153 synced at 2026-09-06T21:49:27Z
cycle 154 synced at 2026-09-06T21:54:30Z
cycle 155 synced at 2026-09-06T21:59:33Z
cycle 156 synced at 2026-09-06T22:04:36Z
cycle 157 synced at 2026-09-06T22:09:38Z
cycle 158 synced at 2026-09-06T22:14:39Z
cycle 159 synced at 2026-09-06T22:19:42Z
cycle 160 synced at 2026-09-06T22:24:43Z
cycle 161 synced at 2026-09-06T22:29:44Z
cycle 162 synced at 2026-09-06T22:34:46Z
cycle 163 synced at 2026-09-06T22:39:47Z
cycle 164 synced at 2026-09-06T22:44:49Z
cycle 165 synced at 2026-09-06T22:49:50Z
cycle 166 synced at 2026-09-06T22:54:53Z
cycle 167 synced at 2026-09-06T22:59:54Z
cycle 168 synced at 2026-09-06T23:04:56Z
cycle 169 synced at 2026-09-06T23:09:58Z
cycle 170 synced at 2026-09-06T23:14:59Z
cycle 171 synced at 2026-09-06T23:20:02Z
cycle 172 synced at 2026-09-06T23:25:04Z
cycle 173 synced at 2026-09-06T23:30:06Z
cycle 174 synced at 2026-09-06T23:35:08Z
cycle 175 synced at 2026-09-06T23:40:10Z
cycle 176 synced at 2026-09-06T23:45:12Z
cycle 177 synced at 2026-09-06T23:50:15Z
cycle 178 synced at 2026-09-06T23:55:17Z
cycle 179 synced at 2026-09-07T00:00:19Z
cycle 180 synced at 2026-09-07T00:05:22Z
cycle 181 synced at 2026-09-07T00:10:25Z
cycle 182 synced at 2026-09-07T00:15:27Z
cycle 183 synced at 2026-09-07T00:20:30Z
cycle 184 synced at 2026-09-07T00:25:33Z
cycle 185 synced at 2026-09-07T00:30:35Z
cycle 186 synced at 2026-09-07T00:35:38Z
cycle 187 synced at 2026-09-07T00:40:41Z
cycle 188 synced at 2026-09-07T00:45:43Z
cycle 189 synced at 2026-09-07T00:50:46Z
cycle 190 synced at 2026-09-07T00:55:50Z
cycle 191 synced at 2026-09-07T01:00:53Z
cycle 192 synced at 2026-09-07T01:05:56Z
cycle 193 synced at 2026-09-07T01:10:59Z
cycle 194 synced at 2026-09-07T01:16:02Z
cycle 195 synced at 2026-09-07T01:21:05Z
cycle 196 synced at 2026-09-07T01:26:08Z
cycle 197 synced at 2026-09-07T01:31:11Z
cycle 198 synced at 2026-09-07T01:36:14Z
cycle 199 synced at 2026-09-07T01:41:18Z
cycle 200 synced at 2026-09-07T01:46:21Z
MIRROR_STOP seen — final sync, then exit
cycle 201 synced at 2026-09-07T01:51:24Z
DONE — 201 cycles.
