[driver] driver lock held: /tmp/driver_video_llamaindex.lock (pid 3496605)
[driver] LI: warm_workers=1 declared=1 over 1 instance(s)  detect_impl=rfdetr
[driver] preflight: manifest
[driver] preflight: corpus_dir=/home/ssm-user/parity-bench-video/corpus/ami/full [manifest meta]
[driver] preflight: container flags
[driver] preflight: network mode {'li_bal_0': 'host'} (Crossroad 22: host, both arms)
[driver] preflight: quiet box PASS foreign -0.0 vs threshold 2.0 — host busy 0.01 − containers 0.01 {'li_bal_0': 0.006} − ours 0.005 [instantaneous (/proc/stat busy − containers − ours)]; load1 2.67 (lagging, by-load1 foreign 2.63); 1 reading(s) over 4.1s, trend SINGLE READING
[driver] preflight: read-backs (absence fails before agreement)
[driver] idle burden: 0.00 cores with 1 instance(s) live = 0.0% of the box before any work (pre-instance baseline 0.006)
[driver] preflight PASSED — llamaindex_video workers[declared_workers=1] leg=blast n=16
[driver] cache eviction: rc=0 }
[driver] warm-up: 2 disjoint items
[driver] warm-up wave 1/2: 16 concurrent sends over 2 warm rows -> 1/1 worker pids observed
[driver] warm-up consumed 16 send(s) over 2 warm rows (1 wave(s) x 16 concurrent (max(2 x 1 workers, leg concurrency 16)) — Crossroad 40; warm SET re-sent per Crossroad 32; warmth gated on warm markers, Crossroad 41)
[driver] warm-up ledger: warmup_llamaindex_video_workers_blast.json
[driver] warm-up gate: 1/1 warm markers present (Crossroad 41)
[driver] warm-up distribution (REPORTED, not gated): 1/1 distinct response pids over 16 sends; busiest 16, quietest 16 — kernel accept skew, published
[driver] warm-up complete: tokens=n/a worker_pids=1
[driver] service CPU bracket: summing 1 container cgroup(s): li_bal_0
[driver] lifetime_state leg_start: docker_root free 599.1 GiB | frag avg-extent 36908.2 KiB, >=4MiB share 0.9913 | li_bal_0: spool du 856 KiB/4 files, layer 905kB (virtual 9.09GB), cg anon 1.21 GiB, procs 1 rss 1.65 GiB
[driver] stream residency: max 16 concurrent in-flight (cap = 16); sha pass off-loop via to_thread; no whole blob held (streaming refactor 2026-08-27, DIAG_M1_BLAST discipline kept)
[driver] lifetime_state leg_end: docker_root free 599.1 GiB | frag avg-extent 36851.6 KiB, >=4MiB share 0.9913 | li_bal_0: spool du 1868 KiB/4 files, layer 1.94MB (virtual 9.09GB), cg anon 1.25 GiB, procs 1 rss 1.70 GiB
[driver] export: /home/ssm-user/parity-bench-p0/working/results/parity_p0_20260923T083031Z/v2_li_s_a/export_llamaindex_video_workers_blast.json
[driver] AT A GLANCE: llamaindex_video workers[declared_workers=1] blast pass 1 records 16 (errors 0) / offered 16 | THROUGHPUT 3.27 frames/s (49.05x realtime), steady window undefined | SERVICE CPU 2.927 cores = 9.2% of 32 | IDLE BURDEN 0.004 cores with 1 li_workers live = 0.0% of the box before any work (beside, never subtracted) | thread env expected None / in-process torch 4 | gates PASS 5 · NOT RUN 3 · FAIL 0 | efficiency valid=True | COLLECTOR ok
