[driver] driver lock held: /tmp/driver_video_llamaindex.lock (pid 4112500)
[driver] LI: warm_workers=8 declared=8 over 8 instance(s) [8802, 8803, 8804, 8805, 8806, 8807, 8808, 8809] detect_impl=rfdetr
[driver] LI balanced mode: driver round-robins ports per send (kernel accept replaced — LI_SERVING_SKEW.md ruling)
[driver] preflight: manifest
[driver] preflight: corpus_dir=/home/ssm-user/parity-bench-video/corpus/ami/full [manifest meta]
[driver] preflight: container flags
[driver] preflight: network mode {'li_bal_0': 'host', 'li_bal_1': 'host', 'li_bal_2': 'host', 'li_bal_3': 'host', 'li_bal_4': 'host', 'li_bal_5': 'host', 'li_bal_6': 'host', 'li_bal_7': 'host'} (Crossroad 22: host, both arms)
[driver] preflight: quiet box PASS foreign 0.03 vs threshold 2.0 — host busy 0.11 − containers 0.05 {'li_bal_0': 0.006, 'li_bal_1': 0.006, 'li_bal_2': 0.006, 'li_bal_3': 0.006, 'li_bal_4': 0.006, 'li_bal_5': 0.006, 'li_bal_6': 0.006, 'li_bal_7': 0.006} − ours 0.034 [instantaneous (/proc/stat busy − containers − ours)]; load1 6.08 (lagging, by-load1 foreign 5.82); 1 reading(s) over 4.8s, trend SINGLE READING
[driver] preflight: read-backs (absence fails before agreement)
[driver] idle burden: 0.04 cores with 8 instance(s) live = 0.1% of the box before any work (pre-instance baseline 0.048)
[driver] preflight PASSED — llamaindex_video workers[declared_workers=8] leg=blast n=16
[driver] cache eviction: rc=0 }
[driver] warm-up: 2 disjoint items
[driver] warm-up wave 1/2: 16 concurrent sends over 2 warm rows -> 8/8 worker pids observed
[driver] warm-up consumed 16 send(s) over 2 warm rows (1 wave(s) x 16 concurrent (max(2 x 8 workers, leg concurrency 8)) — Crossroad 40; warm SET re-sent per Crossroad 32; warmth gated on warm markers, Crossroad 41)
[driver] warm-up ledger: warmup_llamaindex_video_workers_blast.json
[driver] warm-up gate: 8/8 warm markers present (Crossroad 41)
[driver] warm-up distribution (REPORTED, not gated): 8/8 distinct response pids over 16 sends; busiest 2, quietest 2 — kernel accept skew, published
[driver] warm-up complete: tokens=n/a worker_pids=8
[driver] service CPU bracket: summing 8 container cgroup(s): ['li_bal_0', 'li_bal_1', 'li_bal_2', 'li_bal_3', 'li_bal_4', 'li_bal_5', 'li_bal_6', 'li_bal_7']
[driver] lifetime_state leg_start: docker_root free 602.3 GiB | frag avg-extent 41629.6 KiB, >=4MiB share 0.993 | li_bal_0: spool du 32 KiB/3 files, layer 20.5kB (virtual 9.08GB), cg anon 0.90 GiB, procs 1 rss 1.33 GiB | li_bal_1: spool du 32 KiB/3 files, layer 20.5kB (virtual 9.08GB), cg anon 0.93 GiB, procs 1 rss 1.36 GiB | (+6 more containers in the export)
[driver] stream residency: max 8 concurrent in-flight (cap = 8); sha pass off-loop via to_thread; no whole blob held (streaming refactor 2026-08-27, DIAG_M1_BLAST discipline kept)
[driver] lifetime_state leg_end: docker_root free 602.3 GiB | frag avg-extent 41684.8 KiB, >=4MiB share 0.993 | li_bal_0: spool du 32 KiB/3 files, layer 20.5kB (virtual 9.08GB), cg anon 0.87 GiB, procs 1 rss 1.30 GiB | li_bal_1: spool du 32 KiB/3 files, layer 20.5kB (virtual 9.08GB), cg anon 0.93 GiB, procs 1 rss 1.36 GiB | (+6 more containers in the export)
[driver] export: /home/ssm-user/parity-bench-batch/working/results/batchsize_s3b_20260920T203139Z/video/rep/li_k8_rep/export_llamaindex_video_workers_blast.json
[driver] AT A GLANCE: llamaindex_video workers[declared_workers=8] blast pass 1 records 16 (errors 0) / offered 16 | THROUGHPUT 12.274 frames/s (184.1x realtime), steady window 10.583 frames/s (n=8) | SERVICE CPU 24.182 cores = 75.6% of 32 | IDLE BURDEN 0.036 cores with 8 li_workers live = 0.1% of the box before any work (beside, never subtracted) | thread env expected None / in-process torch 4 | gates PASS 5 · NOT RUN 3 · FAIL 0 | efficiency valid=True | COLLECTOR ok
