nohup: ignoring input
p5_chain.sh sha256: da476f14fe4126f5ef0219b1e19db88207a066743f900240ff385f7d03aec580
boot_id b9a0e24b-a331-46b7-bc08-80657140f463  stage control  head 504cf101ca75  manifest f5a2255cc5c9ad87
image rr:patched sha256:073b43d8b5f9a3f26fd0c31b81d8c5f088b8a8dd1480dc9676b2141cb6b4ec90
image rr:patched-video sha256:b7f51acc95330163c9fa988687d415d399a38ebdc7fee0d84d24ff39b65098de
image li:video sha256:0a52afcbe9d4c560c0ad8067ba605e447cc6df97fdf6b8c58f8b4ea260dd7c95
image rr:p5-infer sha256:b42c03b69f1749049d3a2e6334890347a22621e8d1adb0a8984780eab866d6bd
containers present: 0
===== LEG p5ctl_p5 (p5 K=2 n=2 T=4) 14:20:16Z =====
P5 stamps installed in rr (IInstance ec36c7643f1a, infer_worker 3dfc1f9e7dcf)
{
 "network_mode": "host",
 "ready": true,
 "arm": "rr",
 "port": 5565,
 "wall_s": 0.0,
 "attempts": 1
}
P5 stamps collected: 792 records
P5 read-back collected
[driver] lifetime_state leg_end: docker_root free 588.0 GiB | frag avg-extent 32627.5 KiB, >=4MiB share 0.9926 | rr: spool du 640 KiB/5 files, layer 999kB (virtual 9.67GB), cg anon 1.39 GiB, procs 2 rss 1.90 GiB
[driver] export: /home/ssm-user/parity-bench-p5/working/results/parity_p5_20260925T141647Z/p5ctl_p5/export_rocketride_video_parity_blast.json
[driver] AT A GLANCE: rocketride_video parity[tokens=1,threads=unset(engine-default-64)] blast pass 1 records 2 (errors 0) / offered 2 | THROUGHPUT 4.769 frames/s (71.55x realtime), steady window undefined | SERVICE CPU 5.436 cores = 17.0% of 32 | IDLE BURDEN 1.237 cores with 1 rr_tokens live = 3.9% of the box before any work (beside, never subtracted) | thread env expected 4 / in-process torch 4 | gates PASS 6 · NOT RUN 3 · FAIL 0 | efficiency valid=True | COLLECTOR ok
uploaded s3://rocketride-benchmark-data/ansh/parity-p5/parity_p5_20260925T141647Z/p5ctl_p5/
containers present: 0
===== LEG p5ctl_stock (stock K=2 n=2 T=4) 14:23:59Z =====
P1 stamps installed in rr:/opt/rocketride/engine/nodes/detect/IInstance.py (base md5 984d80e45e885b5ae21e987664850b4c; stamped md5 ceac2d61fda3d025b4d0adc82717dfec)
{
 "network_mode": "host",
 "ready": true,
 "arm": "rr",
 "port": 5565,
 "wall_s": 5.0,
 "attempts": 2
}
P1 stamps collected: 792 records
P1 read-back collected
[driver] lifetime_state leg_end: docker_root free 588.0 GiB | frag avg-extent 32613.7 KiB, >=4MiB share 0.9926 | rr: spool du 604 KiB/5 files, layer 942kB (virtual 9.67GB), cg anon 1.68 GiB, procs 2 rss 2.18 GiB
[driver] export: /home/ssm-user/parity-bench-p5/working/results/parity_p5_20260925T141647Z/p5ctl_stock/export_rocketride_video_parity_blast.json
[driver] AT A GLANCE: rocketride_video parity[tokens=1,threads=unset(engine-default-64)] blast pass 1 records 2 (errors 0) / offered 2 | THROUGHPUT 4.744 frames/s (71.18x realtime), steady window undefined | SERVICE CPU 5.473 cores = 17.1% of 32 | IDLE BURDEN 1.235 cores with 1 rr_tokens live = 3.9% of the box before any work (beside, never subtracted) | thread env expected 4 / in-process torch 4 | gates PASS 6 · NOT RUN 3 · FAIL 0 | efficiency valid=True | COLLECTOR ok
uploaded s3://rocketride-benchmark-data/ansh/parity-p5/parity_p5_20260925T141647Z/p5ctl_stock/
containers present: 0
===== LEG p5ctl_li (li K=2 n=2 T=4) 14:27:44Z =====
P1 stamps installed in li_bal_0:/app/li_video/pipeline.py (base md5 2eff189a5bdba7e353194f1b9ef8d1e7; stamped md5 95cc7927c49e666923626adbd5a36f99)
{
 "network_mode": "host",
 "ready": true,
 "arm": "li",
 "port": 8802,
 "wall_s": 15.0,
 "attempts": 4,
 "warm_workers": 1,
 "pid": 1
}
P1 stamps collected: 796 records
P1 read-back collected
[driver] lifetime_state leg_end: docker_root free 588.0 GiB | frag avg-extent 32618.9 KiB, >=4MiB share 0.9926 | li_bal_0: spool du 436 KiB/5 files, layer 479kB (virtual 9.08GB), cg anon 0.89 GiB, procs 1 rss 1.34 GiB
[driver] export: /home/ssm-user/parity-bench-p5/working/results/parity_p5_20260925T141647Z/p5ctl_li/export_llamaindex_video_workers_blast.json
[driver] AT A GLANCE: llamaindex_video workers[declared_workers=1] blast pass 1 records 2 (errors 0) / offered 2 | THROUGHPUT 3.751 frames/s (56.28x realtime), steady window undefined | SERVICE CPU 3.359 cores = 10.5% of 32 | IDLE BURDEN 0.004 cores with 1 li_workers live = 0.0% of the box before any work (beside, never subtracted) | thread env expected None / in-process torch 4 | gates PASS 5 · NOT RUN 3 · FAIL 0 | efficiency valid=True | COLLECTOR ok
uploaded s3://rocketride-benchmark-data/ansh/parity-p5/parity_p5_20260925T141647Z/p5ctl_li/
containers present: 0
===== CANARY p5ctl_canary 14:32:00Z (paused containers allowed: 0) =====
P3B_BENCH {"out": "/out/bench.json", "measured_frames": 239, "one_model_instance": true, "rfdetr_models": 1, "forward_mean_s": 0.1874223346527215, "cores_in_forward": 4.997794409389908, "torch_threads": 4}
uploaded s3://rocketride-benchmark-data/ansh/parity-p5/parity_p5_20260925T141647Z/p5ctl_canary/
{"gate": "G_canary_p5ctl_canary", "decided_utc": "2026-09-25T14:32:57Z", "leg": "p5ctl_canary", "manifest_subset": "v00_EN2001a", "frames_expected": 239, "frames_got": 239, "checks": "\u2026", "outcome": "PASS"}
image rr:patched sha256:073b43d8b5f9a3f26fd0c31b81d8c5f088b8a8dd1480dc9676b2141cb6b4ec90
image rr:patched-video sha256:b7f51acc95330163c9fa988687d415d399a38ebdc7fee0d84d24ff39b65098de
image li:video sha256:0a52afcbe9d4c560c0ad8067ba605e447cc6df97fdf6b8c58f8b4ea260dd7c95
image rr:p5-infer sha256:b42c03b69f1749049d3a2e6334890347a22621e8d1adb0a8984780eab866d6bd
CHAIN RESULTS: p5ctl_p5:rc=0 p5ctl_stock:rc=0 p5ctl_li:rc=0 p5ctl_canary:rc=0
CHAIN_DONE p5 control control targets complete (gate-control targets, not measured legs)
