mirror_films500.sh sha256: d7fd9dbcdea38ceabaf759bd377128d05b92f248ec77a90a15c112c8bcea742c
mirroring /home/ssm-user/parity-bench-video/working/video/results/films500_mainrun_20260904T204852Z -> s3://rocketride-benchmark-data/ansh/films500-live-films500_mainrun_20260904T204852Z/ every 300s (corpora never; stop: touch /home/ssm-user/parity-bench-video/working/video/results/films500_mainrun_20260904T204852Z/MIRROR_STOP)
cycle 1 synced at 2026-09-04T20:48:59Z
cycle 2 synced at 2026-09-04T20:54:02Z
cycle 3 synced at 2026-09-04T20:59:04Z
cycle 4 synced at 2026-09-04T21:04:06Z
cycle 5 synced at 2026-09-04T21:09:07Z
cycle 6 synced at 2026-09-04T21:14:08Z
cycle 7 synced at 2026-09-04T21:19:09Z
cycle 8 synced at 2026-09-04T21:24:10Z
cycle 9 synced at 2026-09-04T21:29:12Z
cycle 10 synced at 2026-09-04T21:34:14Z
cycle 11 synced at 2026-09-04T21:39:16Z
cycle 12 synced at 2026-09-04T21:44:18Z
cycle 13 synced at 2026-09-04T21:49:19Z
cycle 14 synced at 2026-09-04T21:54:21Z
cycle 15 synced at 2026-09-04T21:59:23Z
cycle 16 synced at 2026-09-04T22:04:25Z
cycle 17 synced at 2026-09-04T22:09:26Z
cycle 18 synced at 2026-09-04T22:14:29Z
cycle 19 synced at 2026-09-04T22:19:31Z
cycle 20 synced at 2026-09-04T22:24:33Z
cycle 21 synced at 2026-09-04T22:29:35Z
cycle 22 synced at 2026-09-04T22:34:37Z
cycle 23 synced at 2026-09-04T22:39:39Z
cycle 24 synced at 2026-09-04T22:44:41Z
cycle 25 synced at 2026-09-04T22:49:43Z
cycle 26 synced at 2026-09-04T22:54:46Z
cycle 27 synced at 2026-09-04T22:59:48Z
cycle 28 synced at 2026-09-04T23:04:50Z
cycle 29 synced at 2026-09-04T23:09:52Z
cycle 30 synced at 2026-09-04T23:14:55Z
cycle 31 synced at 2026-09-04T23:19:57Z
cycle 32 synced at 2026-09-04T23:24:59Z
cycle 33 synced at 2026-09-04T23:30:02Z
cycle 34 synced at 2026-09-04T23:35:04Z
cycle 35 synced at 2026-09-04T23:40:07Z
cycle 36 synced at 2026-09-04T23:45:10Z
cycle 37 synced at 2026-09-04T23:50:12Z
cycle 38 synced at 2026-09-04T23:55:15Z
cycle 39 synced at 2026-09-05T00:00:18Z
cycle 40 synced at 2026-09-05T00:05:21Z
cycle 41 synced at 2026-09-05T00:10:23Z
cycle 42 synced at 2026-09-05T00:15:26Z
cycle 43 synced at 2026-09-05T00:20:29Z
cycle 44 synced at 2026-09-05T00:25:33Z
cycle 45 synced at 2026-09-05T00:30:36Z
cycle 46 synced at 2026-09-05T00:35:39Z
cycle 47 synced at 2026-09-05T00:40:43Z
cycle 48 synced at 2026-09-05T00:45:46Z
cycle 49 synced at 2026-09-05T00:50:49Z
cycle 50 synced at 2026-09-05T00:55:52Z
cycle 51 synced at 2026-09-05T01:00:55Z
cycle 52 synced at 2026-09-05T01:05:59Z
cycle 53 synced at 2026-09-05T01:11:02Z
cycle 54 synced at 2026-09-05T01:16:05Z
cycle 55 synced at 2026-09-05T01:21:08Z
cycle 56 synced at 2026-09-05T01:26:12Z
cycle 57 synced at 2026-09-05T01:31:13Z
cycle 58 synced at 2026-09-05T01:36:14Z
cycle 59 synced at 2026-09-05T01:41:16Z
cycle 60 synced at 2026-09-05T01:46:17Z
cycle 61 synced at 2026-09-05T01:51:19Z
cycle 62 synced at 2026-09-05T01:56:21Z
cycle 63 synced at 2026-09-05T02:01:22Z
cycle 64 synced at 2026-09-05T02:06:24Z
cycle 65 synced at 2026-09-05T02:11:26Z
cycle 66 synced at 2026-09-05T02:16:28Z
cycle 67 synced at 2026-09-05T02:21:29Z
cycle 68 synced at 2026-09-05T02:26:31Z
cycle 69 synced at 2026-09-05T02:31:33Z
cycle 70 synced at 2026-09-05T02:36:35Z
cycle 71 synced at 2026-09-05T02:41:37Z
cycle 72 synced at 2026-09-05T02:46:39Z
cycle 73 synced at 2026-09-05T02:51:41Z
cycle 74 synced at 2026-09-05T02:56:44Z
cycle 75 synced at 2026-09-05T03:01:46Z
cycle 76 synced at 2026-09-05T03:06:48Z
cycle 77 synced at 2026-09-05T03:11:50Z
cycle 78 synced at 2026-09-05T03:16:53Z
cycle 79 synced at 2026-09-05T03:21:56Z
cycle 80 synced at 2026-09-05T03:26:58Z
cycle 81 synced at 2026-09-05T03:32:01Z
cycle 82 synced at 2026-09-05T03:37:04Z
cycle 83 synced at 2026-09-05T03:42:07Z
cycle 84 synced at 2026-09-05T03:47:09Z
cycle 85 synced at 2026-09-05T03:52:12Z
cycle 86 synced at 2026-09-05T03:57:15Z
cycle 87 synced at 2026-09-05T04:02:17Z
cycle 88 synced at 2026-09-05T04:07:20Z
cycle 89 synced at 2026-09-05T04:12:23Z
cycle 90 synced at 2026-09-05T04:17:26Z
cycle 91 synced at 2026-09-05T04:22:29Z
cycle 92 synced at 2026-09-05T04:27:32Z
cycle 93 synced at 2026-09-05T04:32:35Z
cycle 94 synced at 2026-09-05T04:37:38Z
cycle 95 synced at 2026-09-05T04:42:41Z
cycle 96 synced at 2026-09-05T04:47:44Z
cycle 97 synced at 2026-09-05T04:52:48Z
cycle 98 synced at 2026-09-05T04:57:51Z
cycle 99 synced at 2026-09-05T05:02:54Z
cycle 100 synced at 2026-09-05T05:07:57Z
cycle 101 synced at 2026-09-05T05:12:58Z
cycle 102 synced at 2026-09-05T05:17:59Z
cycle 103 synced at 2026-09-05T05:22:59Z
cycle 104 synced at 2026-09-05T05:28:00Z
cycle 105 synced at 2026-09-05T05:33:01Z
cycle 106 synced at 2026-09-05T05:38:02Z
cycle 107 synced at 2026-09-05T05:43:03Z
cycle 108 synced at 2026-09-05T05:48:04Z
cycle 109 synced at 2026-09-05T05:53:05Z
cycle 110 synced at 2026-09-05T05:58:06Z
cycle 111 synced at 2026-09-05T06:03:07Z
cycle 112 synced at 2026-09-05T06:08:08Z
cycle 113 synced at 2026-09-05T06:13:08Z
cycle 114 synced at 2026-09-05T06:18:09Z
cycle 115 synced at 2026-09-05T06:23:10Z
cycle 116 synced at 2026-09-05T06:28:11Z
cycle 117 synced at 2026-09-05T06:33:12Z
cycle 118 synced at 2026-09-05T06:38:12Z
cycle 119 synced at 2026-09-05T06:43:14Z
cycle 120 synced at 2026-09-05T06:48:15Z
cycle 121 synced at 2026-09-05T06:53:17Z
cycle 122 synced at 2026-09-05T06:58:18Z
cycle 123 synced at 2026-09-05T07:03:20Z
cycle 124 synced at 2026-09-05T07:08:21Z
cycle 125 synced at 2026-09-05T07:13:23Z
cycle 126 synced at 2026-09-05T07:18:25Z
cycle 127 synced at 2026-09-05T07:23:26Z
cycle 128 synced at 2026-09-05T07:28:28Z
cycle 129 synced at 2026-09-05T07:33:30Z
cycle 130 synced at 2026-09-05T07:38:33Z
cycle 131 synced at 2026-09-05T07:43:34Z
cycle 132 synced at 2026-09-05T07:48:36Z
cycle 133 synced at 2026-09-05T07:53:38Z
cycle 134 synced at 2026-09-05T07:58:40Z
cycle 135 synced at 2026-09-05T08:03:42Z
cycle 136 synced at 2026-09-05T08:08:45Z
cycle 137 synced at 2026-09-05T08:13:47Z
cycle 138 synced at 2026-09-05T08:18:49Z
cycle 139 synced at 2026-09-05T08:23:52Z
cycle 140 synced at 2026-09-05T08:28:54Z
cycle 141 synced at 2026-09-05T08:33:56Z
cycle 142 synced at 2026-09-05T08:38:59Z
cycle 143 synced at 2026-09-05T08:44:01Z
cycle 144 synced at 2026-09-05T08:49:04Z
cycle 145 synced at 2026-09-05T08:54:07Z
cycle 146 synced at 2026-09-05T08:59:10Z
cycle 147 synced at 2026-09-05T09:04:12Z
cycle 148 synced at 2026-09-05T09:09:15Z
cycle 149 synced at 2026-09-05T09:14:18Z
cycle 150 synced at 2026-09-05T09:19:21Z
cycle 151 synced at 2026-09-05T09:24:24Z
cycle 152 synced at 2026-09-05T09:29:27Z
cycle 153 synced at 2026-09-05T09:34:30Z
cycle 154 synced at 2026-09-05T09:39:33Z
cycle 155 synced at 2026-09-05T09:44:36Z
cycle 156 synced at 2026-09-05T09:49:39Z
cycle 157 synced at 2026-09-05T09:54:42Z
cycle 158 synced at 2026-09-05T09:59:45Z
cycle 159 synced at 2026-09-05T10:04:49Z
cycle 160 synced at 2026-09-05T10:09:52Z
cycle 161 synced at 2026-09-05T10:14:55Z
cycle 162 synced at 2026-09-05T10:19:59Z
cycle 163 synced at 2026-09-05T10:25:01Z
cycle 164 synced at 2026-09-05T10:30:02Z
cycle 165 synced at 2026-09-05T10:35:03Z
cycle 166 synced at 2026-09-05T10:40:04Z
cycle 167 synced at 2026-09-05T10:45:05Z
cycle 168 synced at 2026-09-05T10:50:06Z
cycle 169 synced at 2026-09-05T10:55:07Z
cycle 170 synced at 2026-09-05T11:00:07Z
cycle 171 synced at 2026-09-05T11:05:08Z
cycle 172 synced at 2026-09-05T11:10:10Z
cycle 173 synced at 2026-09-05T11:15:11Z
cycle 174 synced at 2026-09-05T11:20:13Z
cycle 175 synced at 2026-09-05T11:25:15Z
cycle 176 synced at 2026-09-05T11:30:16Z
cycle 177 synced at 2026-09-05T11:35:18Z
cycle 178 synced at 2026-09-05T11:40:20Z
cycle 179 synced at 2026-09-05T11:45:22Z
cycle 180 synced at 2026-09-05T11:50:23Z
cycle 181 synced at 2026-09-05T11:55:25Z
cycle 182 synced at 2026-09-05T12:00:27Z
cycle 183 synced at 2026-09-05T12:05:29Z
cycle 184 synced at 2026-09-05T12:10:31Z
cycle 185 synced at 2026-09-05T12:15:33Z
cycle 186 synced at 2026-09-05T12:20:35Z
cycle 187 synced at 2026-09-05T12:25:37Z
cycle 188 synced at 2026-09-05T12:30:39Z
cycle 189 synced at 2026-09-05T12:35:41Z
cycle 190 synced at 2026-09-05T12:40:44Z
cycle 191 synced at 2026-09-05T12:45:46Z
cycle 192 synced at 2026-09-05T12:50:48Z
cycle 193 synced at 2026-09-05T12:55:51Z
cycle 194 synced at 2026-09-05T13:00:53Z
cycle 195 synced at 2026-09-05T13:05:56Z
cycle 196 synced at 2026-09-05T13:10:58Z
cycle 197 synced at 2026-09-05T13:16:01Z
cycle 198 synced at 2026-09-05T13:21:04Z
cycle 199 synced at 2026-09-05T13:26:06Z
cycle 200 synced at 2026-09-05T13:31:09Z
cycle 201 synced at 2026-09-05T13:36:12Z
cycle 202 synced at 2026-09-05T13:41:15Z
cycle 203 synced at 2026-09-05T13:46:18Z
cycle 204 synced at 2026-09-05T13:51:21Z
cycle 205 synced at 2026-09-05T13:56:24Z
cycle 206 synced at 2026-09-05T14:01:27Z
cycle 207 synced at 2026-09-05T14:06:30Z
cycle 208 synced at 2026-09-05T14:11:34Z
cycle 209 synced at 2026-09-05T14:16:37Z
cycle 210 synced at 2026-09-05T14:21:40Z
cycle 211 synced at 2026-09-05T14:26:43Z
cycle 212 synced at 2026-09-05T14:31:46Z
cycle 213 synced at 2026-09-05T14:36:50Z
cycle 214 synced at 2026-09-05T14:41:53Z
cycle 215 synced at 2026-09-05T14:46:56Z
cycle 216 synced at 2026-09-05T14:52:00Z
cycle 217 synced at 2026-09-05T14:57:03Z
MIRROR_STOP seen — final sync, then exit
cycle 218 synced at 2026-09-05T15:02:06Z
DONE — 218 cycles.
