[driver] driver lock held: /tmp/driver_video_rocketride.lock (pid 2273)
[driver] preflight: manifest
[driver] preflight: corpus_dir=/home/ssm-user/parity-bench-video/corpus/ami/full [manifest meta]
[driver] preflight: container flags
[driver] preflight: network mode {'rr': 'host'} (Crossroad 22: host, both arms)
[driver] preflight: quiet box PASS foreign -0.0 vs threshold 2.0 — host busy 1.01 − containers 1.01 {'rr': 1.007} − ours 0.005 [instantaneous (/proc/stat busy − containers − ours)]; load1 0.6 (lagging, by-load1 foreign -0.44); 1 reading(s) over 4.1s, trend SINGLE READING
[driver] preflight: read-backs (absence fails before agreement)
[driver] preflight: SDK rocketride 1.3.0 at /home/ssm-user/.venv/lib/python3.12/site-packages/rocketride/__init__.py — entry points verified, null control fired
[driver] RR: 1 token(s) live, posture parity[tokens=1,threads=unset(engine-default-64)], 1 distinct project_id(s)
[driver] RR write path: chunked 1 MiB per write request (send_files shape, data.py:551; whole-frame single-message path retired 2026-08-24 — DIAG_M1_BLAST)
[driver] census: 1 token(s) -> 1 new task process(es) [90] (declared==measured)
[driver] P0 on-token read-back: torch 4, models {'rfdetr.models.lwdetr.LWDETR': {'count': 1, 'distinct_weights': 1, 'params': [32174530]}, 'sentence_transformers.sentence_transformer.model.SentenceTransformer': {'count': 1, 'distinct_weights': 1, 'params': [22713216]}}, mandate {'mandate_violation': False, 'violations': []}
[driver] idle burden: 1.23 cores with 1 instance(s) live = 3.8% of the box before any work (pre-instance baseline 1.007)
[driver] P7 detection capture ON: detections_rocketride_video_parity_blast.jsonl (records unchanged)
[driver] preflight PASSED — rocketride_video parity[tokens=1,threads=unset(engine-default-64)] leg=blast n=1
[driver] cache eviction: rc=0 }
[driver] warm-up: 2 disjoint items
[driver] warm-up consumed 2 send(s) over 2 warm rows (2 first batch + 0 top-up; rows re-sent when exhausted — Crossroad 32; tokens round-robin (addressed, not accepted))
[driver] warm-up ledger: warmup_rocketride_video_parity_blast.json
[driver] warm-up complete: tokens=[0] worker_pids=n/a
[driver] service CPU bracket: summing 1 container cgroup(s): rr
[driver] lifetime_state leg_start: docker_root free 584.5 GiB | frag avg-extent 30983.5 KiB, >=4MiB share 0.9925 | rr: spool du 268 KiB/5 files, layer 598kB (virtual 9.67GB), cg anon 1.37 GiB, procs 2 rss 1.87 GiB
[driver] stream residency: max 1 concurrent in-flight (cap = 1); sha pass off-loop via to_thread; no whole blob held (streaming refactor 2026-08-27, DIAG_M1_BLAST discipline kept)
[driver] lifetime_state leg_end: docker_root free 584.5 GiB | frag avg-extent 30985.1 KiB, >=4MiB share 0.9925 | rr: spool du 324 KiB/5 files, layer 655kB (virtual 9.67GB), cg anon 1.43 GiB, procs 2 rss 1.92 GiB
[driver] export: /home/ssm-user/parity-bench-p7/working/results/parity_p7_20260926T091049Z/p7ctl_cap/export_rocketride_video_parity_blast.json
[driver] AT A GLANCE: rocketride_video parity[tokens=1,threads=unset(engine-default-64)] blast pass 1 records 1 (errors 0) / offered 1 | THROUGHPUT 3.518 frames/s (52.54x realtime), steady window undefined | SERVICE CPU 5.079 cores = 15.9% of 32 | IDLE BURDEN 1.226 cores with 1 rr_tokens live = 3.8% of the box before any work (beside, never subtracted) | thread env expected 4 / in-process torch 4 | gates PASS 6 · NOT RUN 3 · FAIL 0 | efficiency valid=True | COLLECTOR ok
