[driver] driver lock held: /tmp/driver_video_llamaindex.lock (pid 11120)
[driver] LI: warm_workers=1 declared=1 over 1 instance(s)  detect_impl=rfdetr
[driver] preflight: manifest
[driver] preflight: corpus_dir=/home/ssm-user/parity-bench-video/corpus/ami/full [manifest meta]
[driver] preflight: container flags
[driver] preflight: network mode {'li_bal_0': 'host'} (Crossroad 22: host, both arms)
[driver] preflight: quiet box PASS foreign -0.0 vs threshold 2.0 — host busy 0.01 − containers 0.01 {'li_bal_0': 0.006} − ours 0.005 [instantaneous (/proc/stat busy − containers − ours)]; load1 3.28 (lagging, by-load1 foreign 3.24); 1 reading(s) over 4.1s, trend SINGLE READING
[driver] preflight: read-backs (absence fails before agreement)
[driver] idle burden: 0.00 cores with 1 instance(s) live = 0.0% of the box before any work (pre-instance baseline 0.006)
[driver] preflight PASSED — llamaindex_video workers[declared_workers=1] leg=blast n=3
[driver] cache eviction: rc=0 }
[driver] warm-up: 2 disjoint items
[driver] warm-up wave 1/2: 2 concurrent sends over 2 warm rows -> 1/1 worker pids observed
[driver] warm-up consumed 2 send(s) over 2 warm rows (1 wave(s) x 2 concurrent (max(2 x 1 workers, leg concurrency 1)) — Crossroad 40; warm SET re-sent per Crossroad 32; warmth gated on warm markers, Crossroad 41)
[driver] warm-up ledger: warmup_llamaindex_video_workers_blast.json
[driver] warm-up gate: 1/1 warm markers present (Crossroad 41)
[driver] warm-up distribution (REPORTED, not gated): 1/1 distinct response pids over 2 sends; busiest 2, quietest 2 — kernel accept skew, published
[driver] warm-up complete: tokens=n/a worker_pids=1
[driver] P1 sync: tracer ready after 0.802 s
[driver] service CPU bracket: summing 1 container cgroup(s): li_bal_0
[driver] lifetime_state leg_start: docker_root free 591.8 GiB | frag avg-extent 34341.2 KiB, >=4MiB share 0.9934 | li_bal_0: spool du 204 KiB/5 files, layer 242kB (virtual 9.08GB), cg anon 0.87 GiB, procs 1 rss 1.31 GiB
[driver] stream residency: max 1 concurrent in-flight (cap = 1); sha pass off-loop via to_thread; no whole blob held (streaming refactor 2026-08-27, DIAG_M1_BLAST discipline kept)
[driver] lifetime_state leg_end: docker_root free 591.8 GiB | frag avg-extent 34361.3 KiB, >=4MiB share 0.9934 | li_bal_0: spool du 552 KiB/5 files, layer 598kB (virtual 9.08GB), cg anon 0.93 GiB, procs 1 rss 1.38 GiB
[driver] export: /home/ssm-user/parity-bench-p3/working/results/parity_p3_20260925T035027Z/p3b_d_1/export_llamaindex_video_workers_blast.json
[driver] AT A GLANCE: llamaindex_video workers[declared_workers=1] blast pass 1 records 3 (errors 0) / offered 3 | THROUGHPUT 3.141 frames/s (47.11x realtime), steady window undefined | SERVICE CPU 2.762 cores = 8.6% of 32 | IDLE BURDEN 0.004 cores with 1 li_workers live = 0.0% of the box before any work (beside, never subtracted) | thread env expected None / in-process torch 4 | gates PASS 5 · NOT RUN 3 · FAIL 0 | efficiency valid=True | COLLECTOR ok
