nohup: ignoring input
box quiet 19:09:47
p1_video_chain.sh sha256: 3fd788b40f920fce8aac20411d283879f4b6cc363a2354b63f3895787d7ea093
boot_id e293381c-aa59-4b05-92e2-c0e4f6167125  stage e2  head dcc44707a47c  manifest f5a2255cc5c9ad87
image rr:patched sha256:073b43d8b5f9a3f26fd0c31b81d8c5f088b8a8dd1480dc9676b2141cb6b4ec90
image rr:patched-video sha256:b7f51acc95330163c9fa988687d415d399a38ebdc7fee0d84d24ff39b65098de
===== LEG e2_rr_on_a (rr T=4 n=16 stamped=1 traced=1) 19:09:47Z =====
P1 stamps installed in rr:/opt/rocketride/engine/nodes/detect/IInstance.py (base md5 984d80e45e885b5ae21e987664850b4c; stamped md5 ceac2d61fda3d025b4d0adc82717dfec)
{
 "network_mode": "host",
 "ready": true,
 "arm": "rr",
 "port": 5565,
 "wall_s": 5.0,
 "attempts": 2
}
tracer rc=0
P1 stamps collected: 3526 records
P1 read-back collected
[driver] lifetime_state leg_end: docker_root free 596.0 GiB | frag avg-extent 36711.3 KiB, >=4MiB share 0.9943 | rr: spool du 2568 KiB/5 files, layer 2.95MB (virtual 9.67GB), cg anon 4.87 GiB, procs 2 rss 5.37 GiB
[driver] export: /home/ssm-user/parity-bench-p1/working/results/parity_p1_20260923T184000Z/e2_rr_on_a/export_rocketride_video_parity_blast.json
[driver] AT A GLANCE: rocketride_video parity[tokens=1,threads=unset(engine-default-64)] blast pass 1 records 16 (errors 0) / offered 16 | THROUGHPUT 2.384 frames/s (35.76x realtime), steady window undefined | SERVICE CPU 3.62 cores = 11.3% of 32 | IDLE BURDEN 1.223 cores with 1 rr_tokens live = 3.8% of the box before any work (beside, never subtracted) | thread env expected 4 / in-process torch 4 | gates PASS 6 · NOT RUN 3 · FAIL 0 | efficiency valid=True | COLLECTOR ok
uploaded s3://rocketride-benchmark-data/ansh/parity-p1/parity_p1_20260923T184000Z/e2_rr_on_a/
===== LEG e2_li_on_a (li T=4 n=16 stamped=1 traced=1) 19:34:46Z =====
P1 stamps installed in li_bal_0:/app/li_video/pipeline.py (base md5 2eff189a5bdba7e353194f1b9ef8d1e7; stamped md5 95cc7927c49e666923626adbd5a36f99)
{
 "network_mode": "host",
 "ready": true,
 "arm": "li",
 "port": 8802,
 "wall_s": 10.0,
 "attempts": 3,
 "warm_workers": 1,
 "pid": 1
}
tracer rc=0
P1 stamps collected: 5819 records
P1 read-back collected
[driver] lifetime_state leg_end: docker_root free 596.0 GiB | frag avg-extent 36942.1 KiB, >=4MiB share 0.9942 | li_bal_0: spool du 2932 KiB/5 files, layer 3.04MB (virtual 9.09GB), cg anon 1.32 GiB, procs 1 rss 1.76 GiB
[driver] export: /home/ssm-user/parity-bench-p1/working/results/parity_p1_20260923T184000Z/e2_li_on_a/export_llamaindex_video_workers_blast.json
[driver] AT A GLANCE: llamaindex_video workers[declared_workers=1] blast pass 1 records 16 (errors 0) / offered 16 | THROUGHPUT 3.1 frames/s (46.5x realtime), steady window undefined | SERVICE CPU 3.016 cores = 9.4% of 32 | IDLE BURDEN 0.005 cores with 1 li_workers live = 0.0% of the box before any work (beside, never subtracted) | thread env expected None / in-process torch 4 | gates PASS 5 · NOT RUN 3 · FAIL 0 | efficiency valid=True | COLLECTOR ok
uploaded s3://rocketride-benchmark-data/ansh/parity-p1/parity_p1_20260923T184000Z/e2_li_on_a/
===== LEG e2_rr_off_a (rr T=4 n=16 stamped=1 traced=0) 20:06:43Z =====
P1 stamps installed in rr:/opt/rocketride/engine/nodes/detect/IInstance.py (base md5 984d80e45e885b5ae21e987664850b4c; stamped md5 ceac2d61fda3d025b4d0adc82717dfec)
{
 "network_mode": "host",
 "ready": true,
 "arm": "rr",
 "port": 5565,
 "wall_s": 5.0,
 "attempts": 2
}
P1 stamps collected: 3526 records
P1 read-back collected
[driver] lifetime_state leg_end: docker_root free 596.0 GiB | frag avg-extent 36685.8 KiB, >=4MiB share 0.9942 | rr: spool du 2568 KiB/5 files, layer 2.95MB (virtual 9.67GB), cg anon 4.41 GiB, procs 2 rss 4.92 GiB
[driver] export: /home/ssm-user/parity-bench-p1/working/results/parity_p1_20260923T184000Z/e2_rr_off_a/export_rocketride_video_parity_blast.json
[driver] AT A GLANCE: rocketride_video parity[tokens=1,threads=unset(engine-default-64)] blast pass 1 records 16 (errors 0) / offered 16 | THROUGHPUT 2.533 frames/s (37.99x realtime), steady window undefined | SERVICE CPU 3.672 cores = 11.5% of 32 | IDLE BURDEN 1.228 cores with 1 rr_tokens live = 3.8% of the box before any work (beside, never subtracted) | thread env expected 4 / in-process torch 4 | gates PASS 6 · NOT RUN 3 · FAIL 0 | efficiency valid=True | COLLECTOR ok
uploaded s3://rocketride-benchmark-data/ansh/parity-p1/parity_p1_20260923T184000Z/e2_rr_off_a/
===== LEG e2_li_off_a (li T=4 n=16 stamped=1 traced=0) 20:30:03Z =====
P1 stamps installed in li_bal_0:/app/li_video/pipeline.py (base md5 2eff189a5bdba7e353194f1b9ef8d1e7; stamped md5 95cc7927c49e666923626adbd5a36f99)
{
 "network_mode": "host",
 "ready": true,
 "arm": "li",
 "port": 8802,
 "wall_s": 10.0,
 "attempts": 3,
 "warm_workers": 1,
 "pid": 1
}
P1 stamps collected: 5819 records
P1 read-back collected
[driver] lifetime_state leg_end: docker_root free 596.0 GiB | frag avg-extent 36806.6 KiB, >=4MiB share 0.9942 | li_bal_0: spool du 2932 KiB/5 files, layer 3.04MB (virtual 9.09GB), cg anon 1.30 GiB, procs 1 rss 1.75 GiB
[driver] export: /home/ssm-user/parity-bench-p1/working/results/parity_p1_20260923T184000Z/e2_li_off_a/export_llamaindex_video_workers_blast.json
[driver] AT A GLANCE: llamaindex_video workers[declared_workers=1] blast pass 1 records 16 (errors 0) / offered 16 | THROUGHPUT 3.285 frames/s (49.27x realtime), steady window undefined | SERVICE CPU 3.053 cores = 9.5% of 32 | IDLE BURDEN 0.005 cores with 1 li_workers live = 0.0% of the box before any work (beside, never subtracted) | thread env expected None / in-process torch 4 | gates PASS 5 · NOT RUN 3 · FAIL 0 | efficiency valid=True | COLLECTOR ok
uploaded s3://rocketride-benchmark-data/ansh/parity-p1/parity_p1_20260923T184000Z/e2_li_off_a/
===== LEG e2_rr_on_b (rr T=4 n=16 stamped=1 traced=1) 21:00:45Z =====
P1 stamps installed in rr:/opt/rocketride/engine/nodes/detect/IInstance.py (base md5 984d80e45e885b5ae21e987664850b4c; stamped md5 ceac2d61fda3d025b4d0adc82717dfec)
{
 "network_mode": "host",
 "ready": true,
 "arm": "rr",
 "port": 5565,
 "wall_s": 5.0,
 "attempts": 2
}
tracer rc=0
P1 stamps collected: 3526 records
P1 read-back collected
[driver] lifetime_state leg_end: docker_root free 595.9 GiB | frag avg-extent 36589.8 KiB, >=4MiB share 0.9942 | rr: spool du 2568 KiB/5 files, layer 2.95MB (virtual 9.67GB), cg anon 4.88 GiB, procs 2 rss 5.39 GiB
[driver] export: /home/ssm-user/parity-bench-p1/working/results/parity_p1_20260923T184000Z/e2_rr_on_b/export_rocketride_video_parity_blast.json
[driver] AT A GLANCE: rocketride_video parity[tokens=1,threads=unset(engine-default-64)] blast pass 1 records 16 (errors 0) / offered 16 | THROUGHPUT 2.39 frames/s (35.84x realtime), steady window undefined | SERVICE CPU 3.617 cores = 11.3% of 32 | IDLE BURDEN 1.23 cores with 1 rr_tokens live = 3.8% of the box before any work (beside, never subtracted) | thread env expected 4 / in-process torch 4 | gates PASS 6 · NOT RUN 3 · FAIL 0 | efficiency valid=True | COLLECTOR ok
uploaded s3://rocketride-benchmark-data/ansh/parity-p1/parity_p1_20260923T184000Z/e2_rr_on_b/
===== LEG e2_li_on_b (li T=4 n=16 stamped=1 traced=1) 21:25:28Z =====
P1 stamps installed in li_bal_0:/app/li_video/pipeline.py (base md5 2eff189a5bdba7e353194f1b9ef8d1e7; stamped md5 95cc7927c49e666923626adbd5a36f99)
{
 "network_mode": "host",
 "ready": true,
 "arm": "li",
 "port": 8802,
 "wall_s": 10.0,
 "attempts": 3,
 "warm_workers": 1,
 "pid": 1
}
tracer rc=0
P1 stamps collected: 5819 records
P1 read-back collected
[driver] lifetime_state leg_end: docker_root free 595.9 GiB | frag avg-extent 36528.8 KiB, >=4MiB share 0.9941 | li_bal_0: spool du 2956 KiB/5 files, layer 3.06MB (virtual 9.09GB), cg anon 1.26 GiB, procs 1 rss 1.71 GiB
[driver] export: /home/ssm-user/parity-bench-p1/working/results/parity_p1_20260923T184000Z/e2_li_on_b/export_llamaindex_video_workers_blast.json
[driver] AT A GLANCE: llamaindex_video workers[declared_workers=1] blast pass 1 records 16 (errors 0) / offered 16 | THROUGHPUT 3.066 frames/s (45.99x realtime), steady window undefined | SERVICE CPU 2.987 cores = 9.3% of 32 | IDLE BURDEN 0.005 cores with 1 li_workers live = 0.0% of the box before any work (beside, never subtracted) | thread env expected None / in-process torch 4 | gates PASS 5 · NOT RUN 3 · FAIL 0 | efficiency valid=True | COLLECTOR ok
uploaded s3://rocketride-benchmark-data/ansh/parity-p1/parity_p1_20260923T184000Z/e2_li_on_b/
===== LEG e2_rr_off_b (rr T=4 n=16 stamped=1 traced=0) 21:57:43Z =====
P1 stamps installed in rr:/opt/rocketride/engine/nodes/detect/IInstance.py (base md5 984d80e45e885b5ae21e987664850b4c; stamped md5 ceac2d61fda3d025b4d0adc82717dfec)
{
 "network_mode": "host",
 "ready": true,
 "arm": "rr",
 "port": 5565,
 "wall_s": 5.0,
 "attempts": 2
}
P1 stamps collected: 3526 records
P1 read-back collected
[driver] lifetime_state leg_end: docker_root free 595.9 GiB | frag avg-extent 36517.8 KiB, >=4MiB share 0.9942 | rr: spool du 2580 KiB/5 files, layer 2.97MB (virtual 9.67GB), cg anon 4.85 GiB, procs 2 rss 5.35 GiB
[driver] export: /home/ssm-user/parity-bench-p1/working/results/parity_p1_20260923T184000Z/e2_rr_off_b/export_rocketride_video_parity_blast.json
[driver] AT A GLANCE: rocketride_video parity[tokens=1,threads=unset(engine-default-64)] blast pass 1 records 16 (errors 0) / offered 16 | THROUGHPUT 2.531 frames/s (37.97x realtime), steady window undefined | SERVICE CPU 3.673 cores = 11.5% of 32 | IDLE BURDEN 1.23 cores with 1 rr_tokens live = 3.8% of the box before any work (beside, never subtracted) | thread env expected 4 / in-process torch 4 | gates PASS 6 · NOT RUN 3 · FAIL 0 | efficiency valid=True | COLLECTOR ok
uploaded s3://rocketride-benchmark-data/ansh/parity-p1/parity_p1_20260923T184000Z/e2_rr_off_b/
===== LEG e2_li_off_b (li T=4 n=16 stamped=1 traced=0) 22:21:05Z =====
P1 stamps installed in li_bal_0:/app/li_video/pipeline.py (base md5 2eff189a5bdba7e353194f1b9ef8d1e7; stamped md5 95cc7927c49e666923626adbd5a36f99)
{
 "network_mode": "host",
 "ready": true,
 "arm": "li",
 "port": 8802,
 "wall_s": 10.0,
 "attempts": 3,
 "warm_workers": 1,
 "pid": 1
}
P1 stamps collected: 5819 records
P1 read-back collected
[driver] lifetime_state leg_end: docker_root free 595.9 GiB | frag avg-extent 36628.9 KiB, >=4MiB share 0.9941 | li_bal_0: spool du 2956 KiB/5 files, layer 3.06MB (virtual 9.09GB), cg anon 1.26 GiB, procs 1 rss 1.70 GiB
[driver] export: /home/ssm-user/parity-bench-p1/working/results/parity_p1_20260923T184000Z/e2_li_off_b/export_llamaindex_video_workers_blast.json
[driver] AT A GLANCE: llamaindex_video workers[declared_workers=1] blast pass 1 records 16 (errors 0) / offered 16 | THROUGHPUT 3.305 frames/s (49.57x realtime), steady window undefined | SERVICE CPU 3.066 cores = 9.6% of 32 | IDLE BURDEN 0.005 cores with 1 li_workers live = 0.0% of the box before any work (beside, never subtracted) | thread env expected None / in-process torch 4 | gates PASS 5 · NOT RUN 3 · FAIL 0 | efficiency valid=True | COLLECTOR ok
uploaded s3://rocketride-benchmark-data/ansh/parity-p1/parity_p1_20260923T184000Z/e2_li_off_b/
image rr:patched sha256:073b43d8b5f9a3f26fd0c31b81d8c5f088b8a8dd1480dc9676b2141cb6b4ec90
image rr:patched-video sha256:b7f51acc95330163c9fa988687d415d399a38ebdc7fee0d84d24ff39b65098de
CHAIN RESULTS: e2_rr_on_a:rc=0 e2_li_on_a:rc=0 e2_rr_off_a:rc=0 e2_li_off_a:rc=0 e2_rr_on_b:rc=0 e2_li_on_b:rc=0 e2_rr_off_b:rc=0 e2_li_off_b:rc=0
CHAIN_DONE complete
