nohup: ignoring input
p6_chain.sh sha256: 5c88f89bc435e3d11d802ea2b7a947ba32147653940b1a980a86e28dcf608ac5
boot_id eb83839f-a2bd-45ca-880b-0269d56f5b4e  stage control  head 8e4cf34a8eb4  manifest f5a2255cc5c9ad87
image rr:patched sha256:073b43d8b5f9a3f26fd0c31b81d8c5f088b8a8dd1480dc9676b2141cb6b4ec90
image rr:patched-video sha256:b7f51acc95330163c9fa988687d415d399a38ebdc7fee0d84d24ff39b65098de
image li:video sha256:0a52afcbe9d4c560c0ad8067ba605e447cc6df97fdf6b8c58f8b4ea260dd7c95
image rr:p5-infer sha256:b42c03b69f1749049d3a2e6334890347a22621e8d1adb0a8984780eab866d6bd
containers present: 0
===== LEG p6ctl_p5t16 (p5 K=2 n=2 T=16 env=unset warm=-) 17:54:15Z =====
P5 stamps installed in rr (IInstance ec36c7643f1a, infer_worker 3dfc1f9e7dcf)
{
 "network_mode": "host",
 "ready": true,
 "arm": "rr",
 "port": 5565,
 "wall_s": 0.0,
 "attempts": 1
}
P5 stamps collected: 792 records
P5 read-back collected
[driver] lifetime_state leg_end: docker_root free 586.4 GiB | frag avg-extent 32120.9 KiB, >=4MiB share 0.9926 | rr: spool du 644 KiB/5 files, layer 1MB (virtual 9.67GB), cg anon 1.54 GiB, procs 2 rss 2.04 GiB
[driver] export: /home/ssm-user/parity-bench-p6/working/results/parity_p6_20260925T175225Z/p6ctl_p5t16/export_rocketride_video_parity_blast.json
[driver] AT A GLANCE: rocketride_video parity[tokens=1,threads=unset(engine-default-64)] blast pass 1 records 2 (errors 0) / offered 2 | THROUGHPUT 2.376 frames/s (35.64x realtime), steady window undefined | SERVICE CPU 5.374 cores = 16.8% of 32 | IDLE BURDEN 1.237 cores with 1 rr_tokens live = 3.9% of the box before any work (beside, never subtracted) | thread env expected unset / in-process torch 16 | gates PASS 6 · NOT RUN 3 · FAIL 0 | efficiency valid=True | COLLECTOR ok
uploaded s3://rocketride-benchmark-data/ansh/parity-p6/parity_p6_20260925T175225Z/p6ctl_p5t16/
containers present: 0
===== LEG p6ctl_lit16 (li K=2 n=2 T=16 env=set warm=-) 18:00:23Z =====
P1 stamps installed in li_bal_0:/app/li_video/pipeline.py (base md5 2eff189a5bdba7e353194f1b9ef8d1e7; stamped md5 95cc7927c49e666923626adbd5a36f99)
{
 "network_mode": "host",
 "ready": true,
 "arm": "li",
 "port": 8802,
 "wall_s": 20.0,
 "attempts": 5,
 "warm_workers": 1,
 "pid": 1
}
P1 stamps collected: 796 records
P1 read-back collected
[driver] lifetime_state leg_end: docker_root free 586.4 GiB | frag avg-extent 32087.0 KiB, >=4MiB share 0.9926 | li_bal_0: spool du 436 KiB/5 files, layer 479kB (virtual 9.08GB), cg anon 1.11 GiB, procs 1 rss 1.55 GiB
[driver] export: /home/ssm-user/parity-bench-p6/working/results/parity_p6_20260925T175225Z/p6ctl_lit16/export_llamaindex_video_workers_blast.json
[driver] AT A GLANCE: llamaindex_video workers[declared_workers=1] blast pass 1 records 2 (errors 0) / offered 2 | THROUGHPUT 2.188 frames/s (32.83x realtime), steady window undefined | SERVICE CPU 3.391 cores = 10.6% of 32 | IDLE BURDEN 0.005 cores with 1 li_workers live = 0.0% of the box before any work (beside, never subtracted) | thread env expected None / in-process torch 16 | gates PASS 5 · NOT RUN 3 · FAIL 0 | efficiency valid=True | COLLECTOR ok
uploaded s3://rocketride-benchmark-data/ansh/parity-p6/parity_p6_20260925T175225Z/p6ctl_lit16/
containers present: 0
===== LEG p6ctl_warm_rr (p5 K=2 n=2 T=4 env=set warm=2,2) 18:06:30Z =====
P5 stamps installed in rr (IInstance ec36c7643f1a, infer_worker 3dfc1f9e7dcf)
{
 "network_mode": "host",
 "ready": true,
 "arm": "rr",
 "port": 5565,
 "wall_s": 5.0,
 "attempts": 2
}
P5 stamps collected: 792 records
P5 read-back collected
[driver] lifetime_state leg_end: docker_root free 586.4 GiB | frag avg-extent 32075.3 KiB, >=4MiB share 0.9926 | rr: spool du 640 KiB/5 files, layer 999kB (virtual 9.67GB), cg anon 1.51 GiB, procs 2 rss 2.01 GiB
[driver] export: /home/ssm-user/parity-bench-p6/working/results/parity_p6_20260925T175225Z/p6ctl_warm_rr/export_rocketride_video_parity_blast.json
[driver] AT A GLANCE: rocketride_video parity[tokens=1,threads=unset(engine-default-64)] blast pass 1 records 2 (errors 0) / offered 2 | THROUGHPUT 4.226 frames/s (63.4x realtime), steady window undefined | SERVICE CPU 5.433 cores = 17.0% of 32 | IDLE BURDEN 1.228 cores with 1 rr_tokens live = 3.8% of the box before any work (beside, never subtracted) | thread env expected 4 / in-process torch 4 | gates PASS 6 · NOT RUN 3 · FAIL 0 | efficiency valid=True | COLLECTOR ok
uploaded s3://rocketride-benchmark-data/ansh/parity-p6/parity_p6_20260925T175225Z/p6ctl_warm_rr/
containers present: 0
===== LEG p6ctl_warm_li (li K=2 n=2 T=4 env=set warm=2,2) 18:10:28Z =====
P1 stamps installed in li_bal_0:/app/li_video/pipeline.py (base md5 2eff189a5bdba7e353194f1b9ef8d1e7; stamped md5 95cc7927c49e666923626adbd5a36f99)
{
 "network_mode": "host",
 "ready": true,
 "arm": "li",
 "port": 8802,
 "wall_s": 10.0,
 "attempts": 3,
 "warm_workers": 1,
 "pid": 1
}
P1 stamps collected: 796 records
P1 read-back collected
[driver] lifetime_state leg_end: docker_root free 586.4 GiB | frag avg-extent 32070.1 KiB, >=4MiB share 0.9926 | li_bal_0: spool du 436 KiB/5 files, layer 479kB (virtual 9.08GB), cg anon 0.90 GiB, procs 1 rss 1.34 GiB
[driver] export: /home/ssm-user/parity-bench-p6/working/results/parity_p6_20260925T175225Z/p6ctl_warm_li/export_llamaindex_video_workers_blast.json
[driver] AT A GLANCE: llamaindex_video workers[declared_workers=1] blast pass 1 records 2 (errors 0) / offered 2 | THROUGHPUT 3.58 frames/s (53.72x realtime), steady window undefined | SERVICE CPU 3.313 cores = 10.3% of 32 | IDLE BURDEN 0.005 cores with 1 li_workers live = 0.0% of the box before any work (beside, never subtracted) | thread env expected None / in-process torch 4 | gates PASS 5 · NOT RUN 3 · FAIL 0 | efficiency valid=True | COLLECTOR ok
uploaded s3://rocketride-benchmark-data/ansh/parity-p6/parity_p6_20260925T175225Z/p6ctl_warm_li/
image rr:patched sha256:073b43d8b5f9a3f26fd0c31b81d8c5f088b8a8dd1480dc9676b2141cb6b4ec90
image rr:patched-video sha256:b7f51acc95330163c9fa988687d415d399a38ebdc7fee0d84d24ff39b65098de
image li:video sha256:0a52afcbe9d4c560c0ad8067ba605e447cc6df97fdf6b8c58f8b4ea260dd7c95
image rr:p5-infer sha256:b42c03b69f1749049d3a2e6334890347a22621e8d1adb0a8984780eab866d6bd
CHAIN RESULTS: p6ctl_p5t16:rc=0 p6ctl_lit16:rc=0 p6ctl_warm_rr:rc=0 p6ctl_warm_li:rc=0
CHAIN_DONE p6 control control targets complete (gate-control targets, not measured legs)
